// Jest Snapshot v1, https://goo.gl/fbAQLP

exports[`matches snapshots 1`] = `
<div>
  <div
    class="container"
  >
    <div
      class="justify-content-center row"
    >
      <div
        class="col-auto"
      >
        <h1
          class="text-center"
        >
          TODO List
        </h1>
      </div>
    </div>
    <div
      class="d-print-none justify-content-start row"
    >
      <div
        class="col-sm-2"
      >
        <button
          class="mb-3 btn btn-primary"
          type="button"
        >
          Export JSON
        </button>
      </div>
      <div
        class="col-sm-2"
      >
        <button
          class="mb-3 btn btn-primary"
          type="button"
        >
          Load Sample Data
        </button>
      </div>
      <div
        class="col"
      >
        <form
          class=""
        >
          <div
            class="form-row"
          >
            <div
              class="form-group"
            >
              <div
                class="col"
              >
                Import JSON:
              </div>
              <div
                class="col"
              >
                <input
                  class="mb-3 form-control-file"
                  type="file"
                />
              </div>
            </div>
          </div>
        </form>
      </div>
    </div>
    <form
      class=""
    >
      <div
        class="d-print-none form-row"
      >
        <div
          class="col-10"
        >
          <div
            class="form-group"
          >
            <input
              class="form-control"
              name="newItem"
            />
          </div>
        </div>
        <div
          class="col-2"
        >
          <button
            class="btn btn-primary"
            type="submit"
          >
            Add Item
          </button>
        </div>
      </div>
    </form>
  </div>
</div>
`;
